******************************************************************************
                  TI ARM Linker PC v15.12.1                    
******************************************************************************
>> Linked Mon Jan 23 15:27:42 2017

OUTPUT FILE NAME:   <Program_Blinky.out>
ENTRY POINT SYMBOL: "_c_int00"  address: 000018ad


MEMORY CONFIGURATION

         name            origin    length      used     unused   attr    fill
----------------------  --------  ---------  --------  --------  ----  --------
  FLASH                 00000000   00040000  00001e75  0003e18b  R  X
  SRAM                  20000000   00010000  00000850  0000f7b0  RW X


SEGMENT ALLOCATION MAP

run origin  load origin   length   init length attrs members
----------  ----------- ---------- ----------- ----- -------
00000000    00000000    00001e7c   00001e7c    r-x
  00000000    00000000    000000f0   000000f0    r-- .intvecs
  000000f0    000000f0    00001950   00001950    r-x .text
  00001a40    00001a40    000003e9   000003e9    r-- .const
  00001e30    00001e30    0000004c   0000004c    r-- .cinit
20000000    20000000    00000850   00000000    rw-
  20000000    20000000    00000800   00000000    rw- .stack
  20000800    20000800    00000038   00000000    rw- .data
  20000838    20000838    00000018   00000000    rw- .bss


SECTION ALLOCATION MAP

 output                                  attributes/
section   page    origin      length       input sections
--------  ----  ----------  ----------   ----------------
.intvecs   0    00000000    000000f0     
                  00000000    000000f0     Program_Blinky_startup_ccs.obj (.intvecs)

.text      0    000000f0    00001950     
                  000000f0    00000764     rtsv7M3_T_le_eabi.lib : _printfi_nf.obj (.text)
                  00000854    00000510     rit128x96x4.obj (.text)
                  00000d64    000001f4     rtsv7M3_T_le_eabi.lib : ull_div_t2.obj (.text)
                  00000f58    00000198     driverlib-cm3.lib : sysctl.obj (.text:SysCtlClockGet)
                  000010f0    00000144                       : sysctl.obj (.text:SysCtlClockSet)
                  00001234    000000c8                       : gpio.obj (.text:GPIOPadConfigSet)
                  000012fc    000000a8     Task_LEDBlink.obj (.text)
                  000013a4    000000a4     Task_ReportSysTick.obj (.text)
                  00001448    0000009c     rtsv7M3_T_le_eabi.lib : memcpy_t2.obj (.text)
                  000014e4    00000088     Program_Blinky.obj (.text)
                  0000156c    0000007a     rtsv7M3_T_le_eabi.lib : memset_t2.obj (.text)
                  000015e6    00000002                           : mpu_init.obj (.text)
                  000015e8    00000070                           : autoinit.obj (.text)
                  00001658    0000006a                           : copy_decompress_rle.obj (.text)
                  000016c2    00000002                           : startup.obj (.text)
                  000016c4    00000060                           : sprintf.obj (.text)
                  00001724    00000058     driverlib-cm3.lib : sysctl.obj (.text:SysCtlPeripheralEnable)
                  0000177c    00000054     rtsv7M3_T_le_eabi.lib : exit.obj (.text)
                  000017d0    0000004c                           : atoi.obj (.text)
                  0000181c    0000004c                           : cpy_tbl.obj (.text)
                  00001868    00000044     driverlib-cm3.lib : ssi.obj (.text:SSIConfigSetExpClk)
                  000018ac    00000040     rtsv7M3_T_le_eabi.lib : boot.obj (.text)
                  000018ec    0000002e     driverlib-cm3.lib : gpio.obj (.text:GPIODirModeSet)
                  0000191a    0000001a     rtsv7M3_T_le_eabi.lib : memccpy.obj (.text)
                  00001934    00000018                           : args_main.obj (.text)
                  0000194c    00000014     driverlib-cm3.lib : systick.obj (.text:SysTickEnable)
                  00001960    00000014                       : systick.obj (.text:SysTickIntEnable)
                  00001974    00000014     rtsv7M3_T_le_eabi.lib : _lock.obj (.text)
                  00001988    00000014                           : strlen.obj (.text)
                  0000199c    00000012     driverlib-cm3.lib : gpio.obj (.text:GPIOPinTypeGPIOOutput)
                  000019ae    00000012                       : gpio.obj (.text:GPIOPinTypeSSI)
                  000019c0    00000012                       : ssi.obj (.text:SSIDataGetNonBlocking)
                  000019d2    00000002     --HOLE-- [fill = 0]
                  000019d4    00000010                       : systick.obj (.text:SysTickPeriodSet)
                  000019e4    0000000e     rtsv7M3_T_le_eabi.lib : copy_decompress_none.obj (.text:decompress:none)
                  000019f2    0000000c     Program_Blinky_startup_ccs.obj (.text)
                  000019fe    0000000a     driverlib-cm3.lib : ssi.obj (.text:SSIDataPut)
                  00001a08    0000000a                       : ssi.obj (.text:SSIDisable)
                  00001a12    0000000a                       : ssi.obj (.text:SSIEnable)
                  00001a1c    00000008                       : ssi.obj (.text:SSIBusy)
                  00001a24    00000006                       : gpio.obj (.text:GPIOPinRead)
                  00001a2a    00000006                       : gpio.obj (.text:GPIOPinWrite)
                  00001a30    00000006                       : sysctl.obj (.text:SysCtlDelay)
                  00001a36    00000006     rtsv7M3_T_le_eabi.lib : copy_decompress_rle.obj (.text:decompress:rle24)
                  00001a3c    00000004                           : pre_init.obj (.text)

.const     0    00001a40    000003e9     
                  00001a40    000001e0     rit128x96x4.obj (.const:g_pucFont)
                  00001c20    00000101     rtsv7M3_T_le_eabi.lib : ctype.obj (.const:.string:_ctypes_)
                  00001d21    00000003     rit128x96x4.obj (.const:.string:pucCommand1$1)
                  00001d24    0000006c     driverlib-cm3.lib : sysctl.obj (.const:g_pulXtals)
                  00001d90    0000004f     rit128x96x4.obj (.const:.string:g_pucRIT128x96x4Init)
                  00001ddf    00000001     --HOLE-- [fill = 0]
                  00001de0    00000040     driverlib-cm3.lib : sysctl.obj (.const)
                  00001e20    00000003     rit128x96x4.obj (.const:.string:pucCommand2$2)
                  00001e23    00000002     rit128x96x4.obj (.const:.string:g_pucRIT128x96x4HorizontalInc)
                  00001e25    00000002     rit128x96x4.obj (.const:.string:g_pucRIT128x96x4VerticalInc)
                  00001e27    00000002     rit128x96x4.obj (.const:.string:pucCommand1$3)

.cinit     0    00001e30    0000004c     
                  00001e30    00000021     (.cinit..data.load) [load image, compression = rle]
                  00001e51    00000007     --HOLE-- [fill = 0]
                  00001e58    00000009     (.cinit..bss.load) [load image, compression = rle]
                  00001e61    00000003     --HOLE-- [fill = 0]
                  00001e64    00000008     (__TI_handler_table)
                  00001e6c    00000010     (__TI_cinit_table)

.init_array 
*          0    00000000    00000000     UNINITIALIZED

.stack     0    20000000    00000800     UNINITIALIZED
                  20000000    00000800     --HOLE--

.data      0    20000800    00000038     UNINITIALIZED
                  20000800    0000000c     rtsv7M3_T_le_eabi.lib : exit.obj (.data:$O1$$)
                  2000080c    0000000c     Task_ReportSysTick.obj (.data)
                  20000818    00000009     Program_Blinky.obj (.data)
                  20000821    00000003     --HOLE--
                  20000824    00000008     rtsv7M3_T_le_eabi.lib : _lock.obj (.data:$O1$$)
                  2000082c    00000005     Task_LEDBlink.obj (.data)
                  20000831    00000003     --HOLE--
                  20000834    00000004     rtsv7M3_T_le_eabi.lib : stkdepth_vars.obj (.data)

.bss       0    20000838    00000018     UNINITIALIZED
                  20000838    00000008     rit128x96x4.obj (.bss:g_pucBuffer)
                  20000840    00000004     Task_LEDBlink.obj (.bss)
                  20000844    00000004     Task_ReportSysTick.obj (.bss)
                  20000848    00000004     rit128x96x4.obj (.bss)
                  2000084c    00000004     (.common:g_ulSystemClock)

MODULE SUMMARY

       Module                           code   ro data   rw data
       ------                           ----   -------   -------
    .\
       Program_Blinky_startup_ccs.obj   12     240       0      
       Program_Blinky.obj               136    0         13     
    +--+--------------------------------+------+---------+---------+
       Total:                           148    240       13     
                                                                
    .\Drivers\
       rit128x96x4.obj                  1296   571       12     
    +--+--------------------------------+------+---------+---------+
       Total:                           1296   571       12     
                                                                
    .\Tasks\
       Task_ReportSysTick.obj           164    0         16     
       Task_LEDBlink.obj                168    0         9      
    +--+--------------------------------+------+---------+---------+
       Total:                           332    0         25     
                                                                
    C:/TI_CodeComposer/StellarisWare-LM3S1968/driverlib/ccs-cm3/Debug/driverlib-cm3.lib
       sysctl.obj                       826    172       0      
       gpio.obj                         294    0         0      
       ssi.obj                          124    0         0      
       systick.obj                      56     0         0      
    +--+--------------------------------+------+---------+---------+
       Total:                           1300   172       0      
                                                                
    C:\TI_CodeComposer\ccsv6\tools\compiler\ti-cgt-arm_15.12.1.LTS\lib\rtsv7M3_T_le_eabi.lib
       _printfi_nf.obj                  1892   0         0      
       ull_div_t2.obj                   500    0         0      
       ctype.obj                        0      257       0      
       memcpy_t2.obj                    156    0         0      
       memset_t2.obj                    122    0         0      
       autoinit.obj                     112    0         0      
       copy_decompress_rle.obj          112    0         0      
       exit.obj                         84     0         12     
       sprintf.obj                      96     0         0      
       atoi.obj                         76     0         0      
       cpy_tbl.obj                      76     0         0      
       boot.obj                         64     0         0      
       _lock.obj                        20     0         8      
       memccpy.obj                      26     0         0      
       args_main.obj                    24     0         0      
       strlen.obj                       20     0         0      
       copy_decompress_none.obj         14     0         0      
       pre_init.obj                     4      0         0      
       stkdepth_vars.obj                0      0         4      
       mpu_init.obj                     2      0         0      
       startup.obj                      2      0         0      
    +--+--------------------------------+------+---------+---------+
       Total:                           3402   257       24     
                                                                
       Stack:                           0      0         2048   
       Linker Generated:                0      66        0      
    +--+--------------------------------+------+---------+---------+
       Grand Total:                     6478   1306      2122   


LINKER GENERATED COPY TABLES

__TI_cinit_table @ 00001e6c records: 2, size/record: 8, table size: 16
	.data: load addr=00001e30, load size=00000021 bytes, run addr=20000800, run size=00000038 bytes, compression=rle
	.bss: load addr=00001e58, load size=00000009 bytes, run addr=20000838, run size=00000018 bytes, compression=rle


LINKER GENERATED HANDLER TABLE

__TI_handler_table @ 00001e64 records: 2, size/record: 4, table size: 8
	index: 0, handler: __TI_decompress_rle24
	index: 1, handler: __TI_decompress_none


GLOBAL SYMBOLS: SORTED ALPHABETICALLY BY Name 

address   name                           
-------   ----                           
0000177d  C$$EXIT                        
000018ed  GPIODirModeSet                 
00001235  GPIOPadConfigSet               
00001a25  GPIOPinRead                    
0000199d  GPIOPinTypeGPIOOutput          
000019af  GPIOPinTypeSSI                 
00001a2b  GPIOPinWrite                   
000014ef  Initialize_OLED                
20000820  OLED_Initialized               
0000095d  RIT128x96x4Clear               
00000bdb  RIT128x96x4Disable             
00000d2d  RIT128x96x4DisplayOff          
00000cf9  RIT128x96x4DisplayOn           
00000b81  RIT128x96x4Enable              
00000af9  RIT128x96x4ImageDraw           
00000c55  RIT128x96x4Init                
000009b9  RIT128x96x4StringDraw          
000019f3  ResetISR                       
UNDEFED   SHT$$INIT_ARRAY$$Base          
UNDEFED   SHT$$INIT_ARRAY$$Limit         
00001a1d  SSIBusy                        
00001869  SSIConfigSetExpClk             
000019c1  SSIDataGetNonBlocking          
000019ff  SSIDataPut                     
00001a09  SSIDisable                     
00001a13  SSIEnable                      
00000f59  SysCtlClockGet                 
000010f1  SysCtlClockSet                 
00001a31  SysCtlDelay                    
00001725  SysCtlPeripheralEnable         
2000081c  SysTickCount_Nbr               
0000194d  SysTickEnable                  
20000818  SysTickFrequency_Nbr           
00001961  SysTickIntEnable               
000014e5  SysTickIntHandler              
000019d5  SysTickPeriodSet               
000012fd  Task_LEDBlink                  
000013a5  Task_ReportSysTick             
20000800  __STACK_END                    
00000800  __STACK_SIZE                   
20000200  __STACK_TOP                    
00001e6c  __TI_CINIT_Base                
00001e7c  __TI_CINIT_Limit               
00001e64  __TI_Handler_Table_Base        
00001e6c  __TI_Handler_Table_Limit       
000015e9  __TI_auto_init                 
20000800  __TI_cleanup_ptr               
000019e5  __TI_decompress_none           
00001a37  __TI_decompress_rle24          
20000804  __TI_dtors_ptr                 
20000808  __TI_enable_exit_profile_output
ffffffff  __TI_pprof_out_hndl            
00000551  __TI_printfi_nofloat           
ffffffff  __TI_prof_data_size            
ffffffff  __TI_prof_data_start           
00000000  __TI_static_base__             
0000156d  __aeabi_memclr                 
0000156d  __aeabi_memclr4                
0000156d  __aeabi_memclr8                
00001449  __aeabi_memcpy                 
00001449  __aeabi_memcpy4                
00001449  __aeabi_memcpy8                
0000156f  __aeabi_memset                 
0000156f  __aeabi_memset4                
0000156f  __aeabi_memset8                
00000d65  __aeabi_uldivmod               
ffffffff  __binit__                      
ffffffff  __c_args__                     
000015e7  __mpu_init                     
20000000  __stack                        
00001935  _args_main                     
000018ad  _c_int00                       
00001c20  _ctypes_                       
20000824  _lock                          
00001983  _nop                           
0000197b  _register_lock                 
00001975  _register_unlock               
000016c3  _system_post_cinit             
00001a3d  _system_pre_init               
20000828  _unlock                        
00001781  abort                          
000017d1  atoi                           
ffffffff  binit                          
0000181d  copy_in                        
00001789  exit                           
00000000  g_pfnVectors                   
2000084c  g_ulSystemClock                
00001511  main                           
20000834  main_func_sp                   
0000191b  memccpy                        
00001449  memcpy                         
00001575  memset                         
000016c5  sprintf                        
00001989  strlen                         


GLOBAL SYMBOLS: SORTED BY Symbol Address 

address   name                           
-------   ----                           
00000000  __TI_static_base__             
00000000  g_pfnVectors                   
00000551  __TI_printfi_nofloat           
00000800  __STACK_SIZE                   
0000095d  RIT128x96x4Clear               
000009b9  RIT128x96x4StringDraw          
00000af9  RIT128x96x4ImageDraw           
00000b81  RIT128x96x4Enable              
00000bdb  RIT128x96x4Disable             
00000c55  RIT128x96x4Init                
00000cf9  RIT128x96x4DisplayOn           
00000d2d  RIT128x96x4DisplayOff          
00000d65  __aeabi_uldivmod               
00000f59  SysCtlClockGet                 
000010f1  SysCtlClockSet                 
00001235  GPIOPadConfigSet               
000012fd  Task_LEDBlink                  
000013a5  Task_ReportSysTick             
00001449  __aeabi_memcpy                 
00001449  __aeabi_memcpy4                
00001449  __aeabi_memcpy8                
00001449  memcpy                         
000014e5  SysTickIntHandler              
000014ef  Initialize_OLED                
00001511  main                           
0000156d  __aeabi_memclr                 
0000156d  __aeabi_memclr4                
0000156d  __aeabi_memclr8                
0000156f  __aeabi_memset                 
0000156f  __aeabi_memset4                
0000156f  __aeabi_memset8                
00001575  memset                         
000015e7  __mpu_init                     
000015e9  __TI_auto_init                 
000016c3  _system_post_cinit             
000016c5  sprintf                        
00001725  SysCtlPeripheralEnable         
0000177d  C$$EXIT                        
00001781  abort                          
00001789  exit                           
000017d1  atoi                           
0000181d  copy_in                        
00001869  SSIConfigSetExpClk             
000018ad  _c_int00                       
000018ed  GPIODirModeSet                 
0000191b  memccpy                        
00001935  _args_main                     
0000194d  SysTickEnable                  
00001961  SysTickIntEnable               
00001975  _register_unlock               
0000197b  _register_lock                 
00001983  _nop                           
00001989  strlen                         
0000199d  GPIOPinTypeGPIOOutput          
000019af  GPIOPinTypeSSI                 
000019c1  SSIDataGetNonBlocking          
000019d5  SysTickPeriodSet               
000019e5  __TI_decompress_none           
000019f3  ResetISR                       
000019ff  SSIDataPut                     
00001a09  SSIDisable                     
00001a13  SSIEnable                      
00001a1d  SSIBusy                        
00001a25  GPIOPinRead                    
00001a2b  GPIOPinWrite                   
00001a31  SysCtlDelay                    
00001a37  __TI_decompress_rle24          
00001a3d  _system_pre_init               
00001c20  _ctypes_                       
00001e64  __TI_Handler_Table_Base        
00001e6c  __TI_CINIT_Base                
00001e6c  __TI_Handler_Table_Limit       
00001e7c  __TI_CINIT_Limit               
20000000  __stack                        
20000200  __STACK_TOP                    
20000800  __STACK_END                    
20000800  __TI_cleanup_ptr               
20000804  __TI_dtors_ptr                 
20000808  __TI_enable_exit_profile_output
20000818  SysTickFrequency_Nbr           
2000081c  SysTickCount_Nbr               
20000820  OLED_Initialized               
20000824  _lock                          
20000828  _unlock                        
20000834  main_func_sp                   
2000084c  g_ulSystemClock                
ffffffff  __TI_pprof_out_hndl            
ffffffff  __TI_prof_data_size            
ffffffff  __TI_prof_data_start           
ffffffff  __binit__                      
ffffffff  __c_args__                     
ffffffff  binit                          
UNDEFED   SHT$$INIT_ARRAY$$Base          
UNDEFED   SHT$$INIT_ARRAY$$Limit         

[94 symbols]
